static size_t       a_very_long_variable_name;/* max width of line */
