This is a line of text that just so happens to have a | in it.
This is a second line of text.  This is a third line of text.  This is a fourth
line of text.
