xxxx xxxx xxxxx xx xxxx x xx xx xxxx xx xxx xxxxxx abcdefghi­jk­l­
mnop
