+ List item #1.

+ List item #2.

Not part of the list.

+ Another list item #1.

+ Another list item #2.
