This is a line of text.

Column 1 | Column 2
---------|---------
Entry 1  | Entry 2

This is a second line of text.  This is a third line of text.  This is a fourth
line of text.
