1. First item of outer list.

    + First item of nested list.

2. Second item of outer list.
