1. List item #1.
2. List item #2.

Not part of the list.

7. Another list item #1.
8. Another list item #2.
