This is the first sentence.  This is the second sentence.

<div>

This is the third sentence.  This is the fourth sentence.

</div>

This is the fifth sentence.  This is the sixth sentence.
