This is a line of text.  This is another line of text.
~~~~
int main( void ) {
  printf( "hello, world\n" );
}
~~~~~
This is a third line of text and should not be treated as code because the
closing fence has at least as many of the same characters as the opening fence.
