program hello( output );
begin
  writeln( 'hello, world' ) { no ';' is needed here -> } ;
end.
