  # This is a comment that has a '#' in it. The '#' in the middle shouldn't   #
  # be chopped off prior to wrapping.                                         #
