This is some text.  This is some more text.
<![CDATA[This is some CDATA.
This is some character data.
<html>
  This is some more character data.
  This data should not be wrapped.
</html>
This is yet more character data.
]]>
This is some text.  This is some more text.
