  (:
   : Term 1
   : : This is the first sentence.  This is the second sentence.  This is the
   :   third sentence.  This is the fourth sentence.
   :
   : Not part of the list.
   :
   : Term 2
   : : This is the first sentence.  This is the second sentence.  This is the
   :   third sentence.  This is the fourth sentence.
   :)
