  // 1. List item #1.  Second sentence of list item #1.  Third sentence of list
  //    item #1.  Fourth sentence of list item #1.
  // 2. List item #2.
  //
  // Not part of the list.
  //
  // 7. Another list item #7.
  //
  // 8. Another list item #8.
