static size_t         foo_var = bar_var + baz_var;// max width of line
