      * COBOL is a compiled English-like computer programming language
      * designed for business use.  It is imperative, procedural and,
      * since 2002, object-oriented.
      *
       IDENTIFICATION DIVISION.
       PROGRAM-ID. hello-world.
       PROCEDURE DIVISION.
           DISPLAY "hello, world"
           STOP RUN.
