1234567890. This is not a list item.  1234567891. And neither is this.
