This is some text.  This is some more text.
<!-- This is a comment. -->
This is some text.  This is some more text.
