  // This is the first sentence.  This is the second sentence.  This is the
  // third sentence.  <em>Span-level HTML.</em> This is the fourth sentence.
  // This is the fifth sentence.  This is the sixth sentence.
