/**
 * BLANK LINE BELOW
 *
 * @parblock
 * FOO
 * @endparblock
 *
 * BLANK LINE ABOVE
 * @return Returns 0.
 */
