  // 3. First sentence of third item.
  // 4. First sentence of fourth item.
  // 5. First sentence of fifth item.
  // 6. First sentence of sixth item.
  // 7. First sentence of seventh item.
  // 8. First sentence of eighth item.
  // 9. First sentence of nineth item.
  // 10. First sentence of tenth item.
  // 11. First sentence of eleventh item.
