This is an example HTTP URI:
http://www.example-site.com
