This is some text.  This is some more text.
<style
  type="text/css">

h1 { color : red; }

</style>
This is some text.  This is some more text.
