  // Header
  // ====== 
  //
  // The Setext line above has trailing whitespace.
