char const SLASH[] = "/";               // "/" in the quotes isn't a comment
