This is some text.  This is some more text.
<?This is a processing instruction.?>
This is some text.  This is some more text.
