1. List item #1.
2. List item #2.
8) List item #8.
9) List item #9.
