#1 This is not an ATX header.  This is ordinary text.
